../LWIP/Target/ethernetif.c:183:13:low_level_init	24	static
../LWIP/Target/ethernetif.c:321:14:low_level_output	80	static
../LWIP/Target/ethernetif.c:368:22:low_level_input	24	static
../LWIP/Target/ethernetif.c:389:6:ethernetif_input	24	static
../LWIP/Target/ethernetif.c:439:7:ethernetif_init	16	static
../LWIP/Target/ethernetif.c:490:6:pbuf_free_custom	24	static
../LWIP/Target/ethernetif.c:506:22:low_level_input_own	32	static,ignoring_inline_asm
../LWIP/Target/ethernetif.c:554:7:low_level_output_own	96	static,ignoring_inline_asm
../LWIP/Target/ethernetif.c:596:6:ethernetif_input_own	24	static
../LWIP/Target/ethernetif.c:626:7:sys_jiffies	8	static
../LWIP/Target/ethernetif.c:637:7:sys_now	8	static
../LWIP/Target/ethernetif.c:657:6:HAL_ETH_MspInit	64	static
../LWIP/Target/ethernetif.c:719:6:HAL_ETH_MspDeInit	16	static
../LWIP/Target/ethernetif.c:764:9:ETH_PHY_IO_Init	8	static
../LWIP/Target/ethernetif.c:781:9:ETH_PHY_IO_DeInit	4	static
../LWIP/Target/ethernetif.c:793:9:ETH_PHY_IO_ReadReg	24	static
../LWIP/Target/ethernetif.c:810:9:ETH_PHY_IO_WriteReg	24	static
../LWIP/Target/ethernetif.c:824:9:ETH_PHY_IO_GetTick	8	static
../LWIP/Target/ethernetif.c:833:6:ethernet_link_check_state_orig	136	static
../LWIP/Target/ethernetif.c:890:6:HAL_ETH_RxAllocateCallback	32	static
../LWIP/Target/ethernetif.c:912:6:HAL_ETH_RxLinkCallback	56	static,ignoring_inline_asm
../LWIP/Target/ethernetif.c:952:6:HAL_ETH_TxFreeCallback	16	static
../LWIP/Target/ethernetif.c:976:6:ethernet_link_check_state	136	static
